{
    "ID": 5111,
    "post_author": "3",
    "post_date": "2025-01-22 09:30:49",
    "post_date_gmt": "2025-01-22 09:30:49",
    "post_content": "",
    "post_title": "TEC-TC-T-5110",
    "post_excerpt": "",
    "post_status": "tec-tc-completed",
    "comment_status": "closed",
    "ping_status": "closed",
    "post_password": "",
    "post_name": "tec-tc-t-5110",
    "to_ping": "",
    "pinged": "",
    "post_modified": "2025-01-22 09:30:49",
    "post_modified_gmt": "2025-01-22 09:30:49",
    "post_content_filtered": "",
    "post_parent": 0,
    "guid": "http:\/\/wordpress.test\/?p=5111",
    "menu_order": 0,
    "post_type": "tec_tc_order",
    "post_mime_type": "",
    "comment_count": "0",
    "filter": "raw",
    "order_id": 5111,
    "provider": "TEC\\Tickets\\Commerce\\Module",
    "provider_slug": "tc",
    "status_log": {
        "completed": [
            {
                "date": "2025-01-22 09:30:50.000000",
                "timezone_type": 3,
                "timezone": "UTC"
            }
        ],
        "pending": [
            {
                "date": "2025-01-22 09:30:49.000000",
                "timezone_type": 3,
                "timezone": "UTC"
            }
        ]
    },
    "status_obj": {},
    "status": "Completed",
    "status_slug": "completed",
    "gateway": "paypal",
    "gateway_order_id": "5111",
    "gateway_payload": [],
    "total_value": {
        "value_type": "tickets-commerce"
    },
    "subtotal": {
        "value_type": "tickets-commerce"
    },
    "total": "10",
    "currency": "USD",
    "purchaser": {
        "user_id": 3,
        "first_name": "Mr Test",
        "last_name": "Logged In",
        "full_name": "Mr Test Logged In",
        "email": "test_user@test.com"
    },
    "purchaser_name": "Mr Test Logged In",
    "purchaser_email": "test_user@test.com",
    "purchase_time": "2025-01-22 09:30:49",
    "items": {
        "5110": {
            "ticket_id": 5110,
            "quantity": 1,
            "extra": [],
            "price": 10,
            "sub_total": 10,
            "event_id": "5109",
            "regular_price": 10,
            "regular_sub_total": 10
        }
    },
    "hash": null,
    "events_in_order": [
        "5109"
    ],
    "tickets_in_order": [
        "5110"
    ],
    "flag_action_markers": {
        "created": {
            "backfill_purchaser": [
                {
                    "date": "2025-01-22 09:30:49.000000",
                    "timezone_type": 3,
                    "timezone": "UTC"
                }
            ]
        },
        "completed": {
            "backfill_purchaser": [
                {
                    "date": "2025-01-22 09:30:49.000000",
                    "timezone_type": 3,
                    "timezone": "UTC"
                }
            ],
            "end_duplicated_pending_orders": [
                {
                    "date": "2025-01-22 09:30:49.000000",
                    "timezone_type": 3,
                    "timezone": "UTC"
                }
            ],
            "send_email": [
                {
                    "date": "2025-01-22 09:30:49.000000",
                    "timezone_type": 3,
                    "timezone": "UTC"
                }
            ],
            "send_email_completed_order": [
                {
                    "date": "2025-01-22 09:30:50.000000",
                    "timezone_type": 3,
                    "timezone": "UTC"
                }
            ],
            "send_email_purchase_receipt": [
                {
                    "date": "2025-01-22 09:30:50.000000",
                    "timezone_type": 3,
                    "timezone": "UTC"
                }
            ],
            "increase_sales": [
                {
                    "date": "2025-01-22 09:30:50.000000",
                    "timezone_type": 3,
                    "timezone": "UTC"
                }
            ]
        },
        "pending": {
            "backfill_purchaser": [
                {
                    "date": "2025-01-22 09:30:49.000000",
                    "timezone_type": 3,
                    "timezone": "UTC"
                }
            ],
            "generate_attendees": [
                {
                    "date": "2025-01-22 09:30:49.000000",
                    "timezone_type": 3,
                    "timezone": "UTC"
                }
            ],
            "decrease_stock": [
                {
                    "date": "2025-01-22 09:30:49.000000",
                    "timezone_type": 3,
                    "timezone": "UTC"
                }
            ]
        }
    }
}