		<div class="tec-settings-form__sidebar">
										<div class="tec-settings-form__sidebar-section">
							<div class="tec-settings-form__sidebar-section tec-settings-form__sidebar-header">
			<img src="http://wordpress.test/wp-content/plugins/event-tickets/src/resources/images/settings_illustration.jpg" role="presentation" />		<h2			 class="tec-settings-form__sidebar-header" 					>
			Finding and extending your tickets		</h2>
				</div>
					<div class="tec-settings-form__sidebar-section">
						<div class="tribe-settings-section">
								<p
			class=""
					>
			Looking for additional functionality including recurring events, custom meta, community events, ticket sales, and more?		</p>
			<a
		href="https://evnt.is/products"
		class=""
		target="_blank" rel="noopener"	>
		Check out the available add-ons.	</a>
				</div>
					</div>
					<div class="tec-settings-form__sidebar-section">
						<div class="tribe-settings-section">
					<h3								>
			Documentation		</h3>
						<a
		href="https://evnt.is/1apn"
		class=""
		target="_blank" rel="noopener"	>
		Getting started guide	</a>
		<br>	<a
		href="https://evnt.is/1bbw"
		class=""
		target="_blank" rel="noopener"	>
		Knowledgebase	</a>
				</div>
					</div>
					<div class="tec-settings-form__sidebar-section">
						<div class="tribe-settings-section">
								<p
			class=""
					>
			Where are my tickets?		</p>
			<a
		href="http://wordpress.test/wp-admin/admin.php?page=tec-tickets-admin-tickets"
		class=""
			>
		Right here	</a>
				</div>
					</div>
					<div class="tec-settings-form__sidebar-section">
						<div class="tribe-settings-section">
								<p
			class=""
					>
			Having trouble?		</p>
			<a
		href="http://wordpress.test/wp-admin/edit.php?post_type=tec-tickets-settings&#038;page=tec-tickets-help-hub"
		class=""
			>
		Help	</a>
		<br>	<a
		href="http://wordpress.test/wp-admin/admin.php?page=tec-tickets-troubleshooting"
		class=""
			>
		Troubleshoot	</a>
				</div>
					</div>
								</div>
								</div>
		