{
    "id": {TICKET_ID},
    "date": "2025-06-13T17:25:00",
    "date_gmt": "2025-06-13T17:25:00",
    "guid": {
        "rendered": "http://wordpress.test/?post_type=tec_tc_ticket&p={TICKET_ID}"
    },
    "modified": "2025-06-13T17:25:00",
    "modified_gmt": "2025-06-13T17:25:00",
    "slug": "test-tc-ticket-for-{POST_ID}",
    "status": "publish",
    "type": "tec_tc_ticket",
    "link": "http://wordpress.test/?post_type=tec_tc_ticket&p={TICKET_ID}",
    "title": {
        "rendered": "Test TC ticket for {POST_ID}"
    },
    "content": {
        "rendered": "",
        "protected": false
    },
    "template": "",
    "description": "Test TC ticket description for {POST_ID}",
    "name": "Test TC ticket for {POST_ID}",
    "on_sale": false,
    "sale_price": 0,
    "price": 25,
    "regular_price": 25,
    "value": null,
    "provider_class": "TEC\\Tickets\\Commerce\\Module",
    "admin_link": "",
    "show_description": true,
    "start_date": "2020-01-02",
    "end_date": "2050-03-01",
    "start_time": "08:00:00",
    "end_time": "20:00:00",
    "manage_stock": true,
    "event_id": {POST_ID},
    "stock": 100
}