
<div class="wrap">
	<h1>
		Seating	</h1>

			<p class="tec-tickets__admin__maps_layouts_home__error__message">
			Your site cannot connect to the seating service.		</p>
		</div>
