
<div class="wrap">
	<h1>
		Seating	</h1>

			<p class="tec-tickets__admin__maps_layouts_home__error__message">
			Your license for Seating is invalid. <a href="https://evnt.is/1bdu" target="_blank" rel="noreferrer noopener">Check your license key settings</a> or <a href="https://evnt.is/1be1 " target="_blank" rel="noreferrer noopener">log into your account</a>.		</p>
		</div>
