{
    "service": {
        "baseUrl": "https://evnt.is",
        "mapsHomeUrl": "http://wordpress.test/wp-admin/admin.php?page=tec-tickets-seating&tab=maps",
        "layoutsHomeUrl": "http://wordpress.test/wp-admin/admin.php?page=tec-tickets-seating&tab=layouts",
        "associatedEventsUrl": "http://wordpress.test/wp-admin/admin.php?page=tec-tickets-seating-events"
    }
}