{
    "links": {
        "layouts": "http://wordpress.test/wp-admin/admin.php?page=tec-tickets-seating&tab=layouts",
        "layout-edit": ""
    },
    "localizedStrings": {
        "capacity-form": {
            "general-admission-label": "General Admission",
            "seat-option-label": "Assigned Seating",
            "event-layouts-select-placeholder": "Choose event layout",
            "view-layouts-link-label": "View layouts",
            "seat-types-select-placeholder": "Choose seat type",
            "event-layouts-capacity-info": "Capacity is defined by seat layout options.",
            "seat-layout-label": "Seat Layout",
            "no-layouts-available": "No active Seat Layouts.",
            "no-layouts-available-info": "You must create a Seat Layout to use this feature.",
            "no-layouts-available-link-label": "Go to Seat Layouts"
        },
        "dashboard": {
            "seats-action-label": "Seats"
        },
        "maps": {
            "delete-confirmation": "Are you sure you want to delete this map?",
            "delete-failed": "Failed to delete the map."
        },
        "layouts": {
            "delete-confirmation": "Are you sure you want to delete this layout?",
            "delete-failed": "Failed to delete the layout.",
            "edit-confirmation": "This layout is associated with {count} events. Changes will impact all existing events and may affect the seating assignment of active ticket holders."
        }
    }
}