{
    "ticket-authentication-requirements": {
        "type": "checkbox",
        "label": "Require Login"
    },
    "ticket-telemetry-optin-heading": {
        "type": "html",
        "html": "<h3 id=\"event-tickets-telemetry-settings\">Telemetry</h3>"
    },
    "opt-in-status": {
        "type": "checkbox_bool",
        "label": "Data share consent",
        "tooltip": "Enable this option to share usage data with Event Tickets and StellarWP.\n\t\t\tThis activates access to TEC AI chatbot and in-app priority support for premium users.\n\t\t\t<br/><a href=\"https://evnt.is/1bcl\">What permissions are being granted?</a>\n\t\t\t<br/><a href=\"https://evnt.is/1bcm\">Read our terms of service</a>.\n\t\t\t<br/><a href=\"https://evnt.is/1bcn\">Read our privacy policy</a>.",
        "default": false,
        "validation_type": "boolean"
    }
}