<div class="wrap">
	<h1 class="wp-heading-inline">Associated Events for Some Layout 2</h1>
	<form id="event-tickets__seating-events-form" method="post">
		<input type="hidden" id="_wpnonce" name="_wpnonce" value="xxxxxx" /><input type="hidden" name="_wp_http_referer" value="" />	<div class="tablenav top">

				<div class="alignleft actions">
				</div>
		<div class='tablenav-pages no-pages'><span class="displaying-num">0 items</span>
<span class='pagination-links'><span class="tablenav-pages-navspan button disabled" aria-hidden="true">&laquo;</span>
<span class="tablenav-pages-navspan button disabled" aria-hidden="true">&lsaquo;</span>
<span class="paging-input"><label for="current-page-selector" class="screen-reader-text">Current Page</label><input class='current-page' id='current-page-selector' type='text'
					name='paged' value='1' size='1' aria-describedby='table-paging' /><span class='tablenav-paging-text'> of <span class='total-pages'>0</span></span></span>
<a class='next-page button' href='http://wordpress.test?paged=0'><span class='screen-reader-text'>Next page</span><span aria-hidden='true'>&rsaquo;</span></a>
<a class='last-page button' href='http://wordpress.test?paged=0'><span class='screen-reader-text'>Last page</span><span aria-hidden='true'>&raquo;</span></a></span></div>
		<br class="clear" />
	</div>
		<table class="wp-list-table widefat fixed striped table-view- posts">
			<thead>
	<tr>
		<th scope="col" id='title' class='manage-column column-title column-primary sortable asc'  ><a href="http://wordpress.test?orderby=title&#038;order=desc"><span>Title</span><span class="sorting-indicators"><span class="sorting-indicator asc" aria-hidden="true"></span><span class="sorting-indicator desc" aria-hidden="true"></span></span> <span class="screen-reader-text">Sort descending.</span></a></th><th scope="col" id='tags' class='manage-column column-tags'  >Tags</th><th scope="col" id='tickets' class='manage-column column-tickets'  >Attendees</th><th scope="col" id='date' class='manage-column column-date sortable asc'  ><a href="http://wordpress.test?orderby=date&#038;order=desc"><span>Date</span><span class="sorting-indicators"><span class="sorting-indicator asc" aria-hidden="true"></span><span class="sorting-indicator desc" aria-hidden="true"></span></span> <span class="screen-reader-text">Sort descending.</span></a></th>	</tr>
	</thead>

	<tbody id="the-list"
				>
		<tr class="no-items"><td class="colspanchange" colspan="4">No Associated Events found.</td></tr>	</tbody>

	<tfoot>
	<tr>
		<th scope="col"  class='manage-column column-title column-primary sortable asc'  ><a href="http://wordpress.test?orderby=title&#038;order=desc"><span>Title</span><span class="sorting-indicators"><span class="sorting-indicator asc" aria-hidden="true"></span><span class="sorting-indicator desc" aria-hidden="true"></span></span> <span class="screen-reader-text">Sort descending.</span></a></th><th scope="col"  class='manage-column column-tags'  >Tags</th><th scope="col"  class='manage-column column-tickets'  >Attendees</th><th scope="col"  class='manage-column column-date sortable asc'  ><a href="http://wordpress.test?orderby=date&#038;order=desc"><span>Date</span><span class="sorting-indicators"><span class="sorting-indicator asc" aria-hidden="true"></span><span class="sorting-indicator desc" aria-hidden="true"></span></span> <span class="screen-reader-text">Sort descending.</span></a></th>	</tr>
	</tfoot>

</table>
			<div class="tablenav bottom">

				<div class="alignleft actions">
				</div>
		<div class='tablenav-pages no-pages'><span class="displaying-num">0 items</span>
<span class='pagination-links'><span class="tablenav-pages-navspan button disabled" aria-hidden="true">&laquo;</span>
<span class="tablenav-pages-navspan button disabled" aria-hidden="true">&lsaquo;</span>
<span class="screen-reader-text">Current Page</span><span id="table-paging" class="paging-input"><span class="tablenav-paging-text">1 of <span class='total-pages'>0</span></span></span>
<a class='next-page button' href='http://wordpress.test?paged=0'><span class='screen-reader-text'>Next page</span><span aria-hidden='true'>&rsaquo;</span></a>
<a class='last-page button' href='http://wordpress.test?paged=0'><span class='screen-reader-text'>Last page</span><span aria-hidden='true'>&raquo;</span></a></span></div>
		<br class="clear" />
	</div>
			</form>
</div>
