// Jest Snapshot v1, https://goo.gl/fbAQLP

exports[`Service API should generate proper getassociatedeventsurl 1`] = `"https://wordpress.test/wp-admin/admin.php?page=tec-tickets-seating-events&layout=layout-1"`;
