{
    "{TICKET_ID}": [
        {FEE_ID_1},
        {FEE_ID_2}
    ]
}