<div class="tribe-tickets">
	<ul class="tribe-orders-list">
	<input type="hidden" name="event_id" value="{{ID}}">
					<li class="tribe-item" id="order-0">
			 <div class="user-details">
	Order #0: 1 Ticket reserved by Unknown Name (invalid order) (<a href="mailto:http://Unknown%20Email%20(invalid%20order)">Unknown Email (invalid order)</a>) on Unknown Time (invalid order)</div>
	<div class="tec-tickets__my-tickets-list-title-container type-default">
	<div class="tec-tickets__my-tickets-list-title">
		standard ticket	</div>
</div>	<div class="tec__tickets-my-tickets-order-tickets-list-wrapper">
		<ul class="tribe-tickets-list tribe-list">
							<input type="hidden" name="attendee[0][attendees][]" value="{{ID}}">
				<li class="tribe-item" id="ticket-0">
					<input type="hidden" name="attendee[0][attendees][]" value="{{ID}}">
					<div class="list-attendee">
	Attendee 1</div>					<div class="tribe-ticket-information"><span class="tec-tickets__ticket-information__seat-label">A-1</span>
				<span class="ticket-name">Test TC ticket for {{ID}}</span>
		</div>									</li>
					</ul>
			</div>
		</li>
	</ul></div>