{
    "tickets_attendees": "<a title=\"See who purchased tickets to this event\" href=\"http://wordpress.test/wp-admin/edit.php?post_type=tribe_events&#038;page=tickets-attendees&#038;event_id={{EVENT_ID}}\">Attendees</a>",
    "tickets_seats": "<a title=\"See seats purchased for this event\" href=\"http://wordpress.test/wp-admin/edit.php?post_type=tribe_events&#038;page=tec-tickets-seats&#038;post_id={{EVENT_ID}}\">Seats</a>"
}