
<div class="tec-tickets__seating-tab-wrapper">
	<div id="tec-tickets-seating-notice" class="notice" style="display: none;"></div>
	<div
		class="tec-tickets-seating__iframe-container"
		data-token="some-ephemeral-token"
		data-error=""
	>
		<iframe
			data-src="https://evnt.is/embed/seat-assignment?token=some-ephemeral-token&#038;eventId=some-post-uuid&#038;layoutId=layout-uuid"
			id="tec-tickets-seating-iframe-layout-edit"
			class="tec-tickets-seating__iframe tec-tickets-seating__iframe--layout-edit"
			title="Seats Assignment">
		</iframe>
	</div>
</div>
