{
    "ajaxUrl": "http://wordpress.test/wp-admin/admin-ajax.php",
    "ajaxNonce": "22848eb6a0",
    "checkoutGraceTime": 60,
    "ACTION_START": "tec_tickets_seating_timer_start",
    "ACTION_SYNC": "tec_tickets_seating_timer_sync",
    "ACTION_INTERRUPT_GET_DATA": "tec_tickets_seating_timer_interrupt_get_data",
    "ACTION_PAUSE_TO_CHECKOUT": "tec_tickets_seating_timer_pause_to_checkout"
}