{
    "title": "Time limit expired",
    "content": "This event is now sold out.",
    "buttonLabel": "Find another Event",
    "redirectUrl": "http://wordpress.test/events/"
}