<div class="wrap">
	<h1>Booking Fees</h1>
	<form
		id="event-tickets__order-modifiers-admin-form"
		 class="topics-filter event-tickets__order-modifiers-admin-form" 		method="post"
	>
		<h2 class="nav-tab-wrapper"><a href="http://wordpress.test/wp-admin/admin.php?page=tec-tickets-order-modifiers&#038;modifier=coupon" class="nav-tab ">Coupons</a><a href="http://wordpress.test/wp-admin/admin.php?page=tec-tickets-order-modifiers&#038;modifier=fee" class="nav-tab nav-tab-active">Fees</a></h2><h3>Fees <a href="http://wordpress.test/wp-admin/admin.php?page=tec-tickets-order-modifiers&#038;modifier=fee&#038;edit=1" class="page-title-action button">Add New</a></h3>Fees will be applied to the cart at checkout. Fees can only be used with Tickets Commerce transactions.<p class="search-box"><label class="screen-reader-text" for="order-modifier-search-search-input">Search</label><input type="search" id="order-modifier-search-search-input" name="s" value="" placeholder="Fee Name" /><input type="submit" class="button" value="Search"  /></p><input type="hidden" id="_wpnonce" name="_wpnonce" value="1234567890" /><input type="hidden" name="_wp_http_referer" value="" />	<div class="tablenav top">

		
		<br class="clear" />
	</div>
		<table class="wp-list-table widefat fixed striped table-view-list fees">
			<thead>
	<tr>
		<th scope="col" id='display_name' class='manage-column column-display_name column-primary sortable asc'  ><a href="http://wordpress.test?orderby=display_name&#038;order=desc"><span>Fee Name</span><span class="sorting-indicators"><span class="sorting-indicator asc" aria-hidden="true"></span><span class="sorting-indicator desc" aria-hidden="true"></span></span> <span class="screen-reader-text">Sort descending.</span></a></th><th scope="col" id='raw_amount' class='manage-column column-raw_amount sortable desc'  ><a href="http://wordpress.test?orderby=raw_amount&#038;order=asc"><span>Amount</span><span class="sorting-indicators"><span class="sorting-indicator asc" aria-hidden="true"></span><span class="sorting-indicator desc" aria-hidden="true"></span></span> <span class="screen-reader-text">Sort ascending.</span></a></th><th scope="col" id='active_on' class='manage-column column-active_on'  >Active on</th>	</tr>
	</thead>

	<tbody id="the-list"
		 data-wp-lists='list:fee'		>
		<tr class="no-items"><td class="colspanchange" colspan="3">No items found.</td></tr>	</tbody>

	<tfoot>
	<tr>
		<th scope="col"  class='manage-column column-display_name column-primary sortable asc'  ><a href="http://wordpress.test?orderby=display_name&#038;order=desc"><span>Fee Name</span><span class="sorting-indicators"><span class="sorting-indicator asc" aria-hidden="true"></span><span class="sorting-indicator desc" aria-hidden="true"></span></span> <span class="screen-reader-text">Sort descending.</span></a></th><th scope="col"  class='manage-column column-raw_amount sortable desc'  ><a href="http://wordpress.test?orderby=raw_amount&#038;order=asc"><span>Amount</span><span class="sorting-indicators"><span class="sorting-indicator asc" aria-hidden="true"></span><span class="sorting-indicator desc" aria-hidden="true"></span></span> <span class="screen-reader-text">Sort ascending.</span></a></th><th scope="col"  class='manage-column column-active_on'  >Active on</th>	</tr>
	</tfoot>

</table>
			<div class="tablenav bottom">

		
		<br class="clear" />
	</div>
			</form>
</div>
