{
    "allOf": [
        {
            "$ref": "#/components/schemas/TEC_Post_Entity_Request_Body"
        },
        {
            "title": "Ticket Request Body",
            "description": "The request body for the ticket endpoint",
            "type": "object",
            "properties": {
                "event_id": {
                    "description": "The ID of the event this ticket is associated with",
                    "type": "integer",
                    "example": 123
                },
                "price": {
                    "description": "The price of the ticket",
                    "type": "number",
                    "example": 25.05
                },
                "sale_price": {
                    "description": "The sale price of the ticket",
                    "type": "number",
                    "example": 20.05
                },
                "sale_price_start_date": {
                    "description": "The start date for the sale price",
                    "type": "string",
                    "format": "date-time",
                    "pattern": "^[0-9]{4}-[0-9]{2}-[0-9]{2} [0-9]{2}:[0-9]{2}:[0-9]{2}$",
                    "example": "2025-06-01 00:00:00"
                },
                "sale_price_end_date": {
                    "description": "The end date for the sale price",
                    "type": "string",
                    "format": "date-time",
                    "pattern": "^[0-9]{4}-[0-9]{2}-[0-9]{2} [0-9]{2}:[0-9]{2}:[0-9]{2}$",
                    "example": "2025-06-30 23:59:59"
                },
                "stock_status": {
                    "description": "The stock status of the ticket",
                    "type": "string",
                    "enum": [
                        "instock",
                        "outofstock"
                    ],
                    "example": "instock"
                },
                "manage_stock": {
                    "description": "Whether stock is being managed for this ticket",
                    "type": "boolean",
                    "example": true
                },
                "stock": {
                    "description": "The stock quantity available",
                    "type": "integer",
                    "example": 100
                },
                "show_description": {
                    "description": "Whether to show the ticket description",
                    "type": "boolean",
                    "example": true
                },
                "type": {
                    "description": "The type of ticket",
                    "type": "string",
                    "example": "default"
                },
                "start_date": {
                    "description": "The start sale date of the ticket",
                    "type": "string",
                    "format": "date-time",
                    "pattern": "^[0-9]{4}-[0-9]{2}-[0-9]{2} [0-9]{2}:[0-9]{2}:[0-9]{2}$",
                    "example": "2025-05-01 00:00:00"
                },
                "end_date": {
                    "description": "The end sale date of the ticket",
                    "type": "string",
                    "format": "date-time",
                    "pattern": "^[0-9]{4}-[0-9]{2}-[0-9]{2} [0-9]{2}:[0-9]{2}:[0-9]{2}$",
                    "example": "2025-06-04 23:59:59"
                },
                "sku": {
                    "description": "The SKU of the ticket",
                    "type": "string",
                    "example": "TICKET-123"
                }
            }
        }
    ]
}